main.c:142:6:delay	16	static
main.c:151:6:HCSR04_Read	8	static
main.c:167:5:main	8	static
main.c:263:6:SystemClock_Config	88	static
main.c:308:13:MX_ADC1_Init	24	static
main.c:366:13:MX_TIM2_Init	32	static
main.c:414:13:MX_TIM3_Init	48	static
main.c:462:13:MX_USART2_UART_Init	8	static
main.c:493:13:MX_DMA_Init	16	static
main.c:511:13:MX_GPIO_Init	48	static
main.c:556:6:StartDefaultTask	16	static
main.c:587:6:beep_task	16	static
main.c:623:6:temp_thread	16	static
main.c:644:6:threshold_adjust_thread	16	static
main.c:665:6:ultrasonic_thread	16	static
main.c:684:6:debug_task	56	static
main.c:708:6:HAL_TIM_PeriodElapsedCallback	16	static
main.c:725:6:Error_Handler	4	static
