main.c:141:6:delay	16	static
main.c:150:6:HCSR04_Read	8	static
main.c:166:5:main	8	static
main.c:262:6:SystemClock_Config	88	static
main.c:307:13:MX_ADC1_Init	24	static
main.c:365:13:MX_TIM2_Init	32	static
main.c:413:13:MX_TIM3_Init	48	static
main.c:461:13:MX_USART2_UART_Init	8	static
main.c:492:13:MX_DMA_Init	16	static
main.c:510:13:MX_GPIO_Init	48	static
main.c:555:6:StartDefaultTask	16	static
main.c:586:6:beep_task	16	static
main.c:614:6:temp_thread	16	static
main.c:635:6:threshold_adjust_thread	16	static
main.c:656:6:ultrasonic_thread	16	static
main.c:675:6:debug_task	152	static
main.c:700:6:HAL_TIM_PeriodElapsedCallback	16	static
main.c:717:6:Error_Handler	4	static
